interactions:
- request:
    body: status=Toot%21
    headers:
      Accept:
      - '*/*'
      Accept-Encoding:
      - gzip, deflate, br
      Authorization:
      - Bearer __MASTODON_PY_TEST_ACCESS_TOKEN
      Connection:
      - keep-alive
      Content-Length:
      - '14'
      Content-Type:
      - application/x-www-form-urlencoded
      User-Agent:
      - tests/v311
    method: POST
    uri: http://localhost:3000/api/v1/statuses
  response:
    body:
      string: '{"id":"113997449348154538","created_at":"2025-02-13T16:10:33.266Z","in_reply_to_id":null,"in_reply_to_account_id":null,"sensitive":false,"spoiler_text":"","visibility":"private","language":"ja","uri":"http://localhost:3000/users/mastodonpy_test/statuses/113997449348154538","url":"http://localhost:3000/@mastodonpy_test/113997449348154538","replies_count":0,"reblogs_count":0,"favourites_count":0,"edited_at":null,"favourited":false,"reblogged":false,"muted":false,"bookmarked":false,"pinned":false,"content":"\u003cp\u003eToot!\u003c/p\u003e","filtered":[],"reblog":null,"application":{"name":"Mastodon.py
        test suite","website":null},"account":{"id":"113997362795514921","username":"mastodonpy_test","acct":"mastodonpy_test","display_name":"John
        Lennon","locked":true,"bot":false,"discoverable":null,"indexable":false,"group":false,"created_at":"2025-02-13T00:00:00.000Z","note":"\u003cp\u003eI
        walk funny\u003c/p\u003e","url":"http://localhost:3000/@mastodonpy_test","uri":"http://localhost:3000/users/mastodonpy_test","avatar":"http://localhost:3000/system/accounts/avatars/113/997/362/795/514/921/original/61331141556cd621.jpg","avatar_static":"http://localhost:3000/system/accounts/avatars/113/997/362/795/514/921/original/61331141556cd621.jpg","header":"http://localhost:3000/system/accounts/headers/113/997/362/795/514/921/original/236e8a9c339d047c.jpg","header_static":"http://localhost:3000/system/accounts/headers/113/997/362/795/514/921/original/236e8a9c339d047c.jpg","followers_count":0,"following_count":0,"statuses_count":2,"last_status_at":"2025-02-13","hide_collections":null,"noindex":false,"emojis":[],"roles":[],"fields":[{"name":"bread","value":"toasty.","verified_at":null},{"name":"lasagna","value":"no!!!","verified_at":null}]},"media_attachments":[],"mentions":[],"tags":[],"emojis":[],"card":null,"poll":null}'
    headers:
      Cache-Control:
      - private, no-store
      Content-Length:
      - '1834'
      Content-Security-Policy:
      - default-src 'none'; frame-ancestors 'none'; form-action 'none'
      Content-Type:
      - application/json; charset=utf-8
      ETag:
      - W/"bec02d89313cb84d2f664b1da3d25cc4"
      Referrer-Policy:
      - strict-origin-when-cross-origin
      Server-Timing:
      - cache_read.active_support;dur=0.05, sql.active_record;dur=9.47, cache_generate.active_support;dur=3.02,
        cache_write.active_support;dur=0.13, instantiation.active_record;dur=0.46,
        start_processing.action_controller;dur=0.00, transaction.active_record;dur=3.79,
        render.active_model_serializers;dur=18.23, process_action.action_controller;dur=51.20
      X-Content-Type-Options:
      - nosniff
      X-Frame-Options:
      - SAMEORIGIN
      X-Permitted-Cross-Domain-Policies:
      - none
      X-RateLimit-Limit:
      - '300'
      X-RateLimit-Remaining:
      - '283'
      X-RateLimit-Reset:
      - '2025-02-13T18:00:00.296111Z'
      X-Request-Id:
      - 73123f9a-9a57-49de-914e-bc56bdcac531
      X-Runtime:
      - '0.065860'
      X-XSS-Protection:
      - '0'
      vary:
      - Authorization, Origin
    status:
      code: 200
      message: OK
- request:
    body: '{"home": {"last_read_id": "113997449348154538"}}'
    headers:
      Accept:
      - '*/*'
      Accept-Encoding:
      - gzip, deflate, br
      Authorization:
      - Bearer __MASTODON_PY_TEST_ACCESS_TOKEN
      Connection:
      - keep-alive
      Content-Length:
      - '48'
      Content-Type:
      - application/json
      User-Agent:
      - tests/v311
    method: POST
    uri: http://localhost:3000/api/v1/markers
  response:
    body:
      string: '{"home":{"last_read_id":"113997449348154538","version":1,"updated_at":"2025-02-13T16:10:33.388Z"}}'
    headers:
      Cache-Control:
      - private, no-store
      Content-Length:
      - '98'
      Content-Security-Policy:
      - default-src 'none'; frame-ancestors 'none'; form-action 'none'
      Content-Type:
      - application/json; charset=utf-8
      ETag:
      - W/"60fd7d829e1e2e39d5c1b4644c0e8871"
      Referrer-Policy:
      - strict-origin-when-cross-origin
      Server-Timing:
      - cache_read.active_support;dur=0.02, sql.active_record;dur=5.86, cache_generate.active_support;dur=0.86,
        cache_write.active_support;dur=0.07, instantiation.active_record;dur=0.26,
        start_processing.action_controller;dur=0.00, transaction.active_record;dur=11.58,
        render.active_model_serializers;dur=0.12, process_action.action_controller;dur=30.65
      X-Content-Type-Options:
      - nosniff
      X-Frame-Options:
      - SAMEORIGIN
      X-Permitted-Cross-Domain-Policies:
      - none
      X-RateLimit-Limit:
      - '300'
      X-RateLimit-Remaining:
      - '299'
      X-RateLimit-Reset:
      - '2025-02-13T16:15:00.378112Z'
      X-Request-Id:
      - 7b0cc39c-bb51-44c0-86c2-4e6ec88e7ef8
      X-Runtime:
      - '0.050017'
      X-XSS-Protection:
      - '0'
      vary:
      - Authorization, Origin
    status:
      code: 200
      message: OK
- request:
    body: null
    headers:
      Accept:
      - '*/*'
      Accept-Encoding:
      - gzip, deflate, br
      Authorization:
      - Bearer __MASTODON_PY_TEST_ACCESS_TOKEN
      Connection:
      - keep-alive
      User-Agent:
      - tests/v311
    method: GET
    uri: http://localhost:3000/api/v1/markers?timeline%5B%5D=home
  response:
    body:
      string: '{"home":{"last_read_id":"113997449348154538","version":1,"updated_at":"2025-02-13T16:10:33.388Z"}}'
    headers:
      Cache-Control:
      - private, no-store
      Content-Length:
      - '98'
      Content-Security-Policy:
      - default-src 'none'; frame-ancestors 'none'; form-action 'none'
      Content-Type:
      - application/json; charset=utf-8
      ETag:
      - W/"60fd7d829e1e2e39d5c1b4644c0e8871"
      Referrer-Policy:
      - strict-origin-when-cross-origin
      Server-Timing:
      - cache_read.active_support;dur=0.02, sql.active_record;dur=4.49, cache_generate.active_support;dur=0.81,
        cache_write.active_support;dur=0.06, instantiation.active_record;dur=9.17,
        start_processing.action_controller;dur=0.00, render.active_model_serializers;dur=0.16,
        process_action.action_controller;dur=40.11
      X-Content-Type-Options:
      - nosniff
      X-Frame-Options:
      - SAMEORIGIN
      X-Permitted-Cross-Domain-Policies:
      - none
      X-RateLimit-Limit:
      - '300'
      X-RateLimit-Remaining:
      - '299'
      X-RateLimit-Reset:
      - '2025-02-13T16:15:00.436811Z'
      X-Request-Id:
      - 03b4562d-f47d-4ac4-a4cf-eb880eb65b26
      X-Runtime:
      - '0.056433'
      X-XSS-Protection:
      - '0'
      vary:
      - Authorization, Origin
    status:
      code: 200
      message: OK
- request:
    body: null
    headers:
      Accept:
      - '*/*'
      Accept-Encoding:
      - gzip, deflate, br
      Authorization:
      - Bearer __MASTODON_PY_TEST_ACCESS_TOKEN
      Connection:
      - keep-alive
      Content-Length:
      - '0'
      User-Agent:
      - tests/v311
    method: DELETE
    uri: http://localhost:3000/api/v1/statuses/113997449348154538
  response:
    body:
      string: '{"id":"113997449348154538","created_at":"2025-02-13T16:10:33.266Z","in_reply_to_id":null,"in_reply_to_account_id":null,"sensitive":false,"spoiler_text":"","visibility":"private","language":"ja","uri":"http://localhost:3000/users/mastodonpy_test/statuses/113997449348154538","url":"http://localhost:3000/@mastodonpy_test/113997449348154538","replies_count":0,"reblogs_count":0,"favourites_count":0,"edited_at":null,"favourited":false,"reblogged":false,"muted":false,"bookmarked":false,"pinned":false,"text":"Toot!","filtered":[],"reblog":null,"application":{"name":"Mastodon.py
        test suite","website":null},"account":{"id":"113997362795514921","username":"mastodonpy_test","acct":"mastodonpy_test","display_name":"John
        Lennon","locked":true,"bot":false,"discoverable":null,"indexable":false,"group":false,"created_at":"2025-02-13T00:00:00.000Z","note":"\u003cp\u003eI
        walk funny\u003c/p\u003e","url":"http://localhost:3000/@mastodonpy_test","uri":"http://localhost:3000/users/mastodonpy_test","avatar":"http://localhost:3000/system/accounts/avatars/113/997/362/795/514/921/original/61331141556cd621.jpg","avatar_static":"http://localhost:3000/system/accounts/avatars/113/997/362/795/514/921/original/61331141556cd621.jpg","header":"http://localhost:3000/system/accounts/headers/113/997/362/795/514/921/original/236e8a9c339d047c.jpg","header_static":"http://localhost:3000/system/accounts/headers/113/997/362/795/514/921/original/236e8a9c339d047c.jpg","followers_count":0,"following_count":0,"statuses_count":1,"last_status_at":"2025-02-13","hide_collections":null,"noindex":false,"emojis":[],"roles":[],"fields":[{"name":"bread","value":"toasty.","verified_at":null},{"name":"lasagna","value":"no!!!","verified_at":null}]},"media_attachments":[],"mentions":[],"tags":[],"emojis":[],"card":null,"poll":null}'
    headers:
      Cache-Control:
      - private, no-store
      Content-Length:
      - '1804'
      Content-Security-Policy:
      - default-src 'none'; frame-ancestors 'none'; form-action 'none'
      Content-Type:
      - application/json; charset=utf-8
      ETag:
      - W/"26f2f3c22d518d37f30dc9601ffd4275"
      Referrer-Policy:
      - strict-origin-when-cross-origin
      Server-Timing:
      - cache_read.active_support;dur=0.06, sql.active_record;dur=6.48, cache_generate.active_support;dur=2.91,
        cache_write.active_support;dur=0.18, instantiation.active_record;dur=0.83,
        start_processing.action_controller;dur=0.00, transaction.active_record;dur=3.32,
        render.active_model_serializers;dur=21.61, process_action.action_controller;dur=54.73
      X-Content-Type-Options:
      - nosniff
      X-Frame-Options:
      - SAMEORIGIN
      X-Permitted-Cross-Domain-Policies:
      - none
      X-RateLimit-Limit:
      - '30'
      X-RateLimit-Remaining:
      - '29'
      X-RateLimit-Reset:
      - '2025-02-13T16:30:00.510027Z'
      X-Request-Id:
      - 8837a3f2-cce6-4bd3-bc79-9ba7a30f5661
      X-Runtime:
      - '0.075911'
      X-XSS-Protection:
      - '0'
      vary:
      - Authorization, Origin
    status:
      code: 200
      message: OK
version: 1
